EN banco_comparadores NULL C:/Users/Frank/Downloads/lamic_2/lamic/Lmic/Banco_Comparadores.vhd sub00/vhpl25 1529693674
EN asm NULL C:/Users/Frank/Downloads/lamic_2/lamic/Lmic/ASM.vhd sub00/vhpl23 1529693676
EN comparador_fila NULL C:/Users/Frank/Downloads/lamic_2/lamic/Lmic/CompFila.vhd sub00/vhpl03 1529693656
EN datos NULL C:/Users/Frank/Desktop/Micros/lamic/Lmic/Datos.vhd sub00/vhpl07 1529199340
EN mem NULL C:/Users/Frank/Downloads/lamic_2/lamic/Lmic/pruebas.vhd sub00/vhpl11 1529693668
AR memoria memoria_a C:/Users/Frank/Downloads/lamic_2/lamic/Lmic/ipcore_dir/memoria.vhd sub00/vhpl10 1529693667
AR comparador_fila behavioral C:/Users/Frank/Downloads/lamic_2/lamic/Lmic/CompFila.vhd sub00/vhpl04 1529693657
AR contador comport C:/Users/Frank/Desktop/Micros/lamic/Lmic/Contador.vhd sub00/vhpl02 1529183714
AR asm behavioral C:/Users/Frank/Downloads/lamic_2/lamic/Lmic/ASM.vhd sub00/vhpl24 1529693677
EN registro_fila NULL C:/Users/Frank/Desktop/Micros/lamic/Lmic/registro.vhd sub00/vhpl05 1529190620
AR ram behavioral C:/Users/Frank/Downloads/lamic_2/lamic/Lmic/ram.vhd sub00/vhpl16 1529693671
AR mem behavioral C:/Users/Frank/Downloads/lamic_2/lamic/Lmic/pruebas.vhd sub00/vhpl12 1529693669
AR ram_1 ram_1_a C:/Users/Frank/Downloads/lamic_2/lamic/Lmic/ipcore_dir/ram_1.vhd sub00/vhpl14 1529693659
EN memoria NULL C:/Users/Frank/Downloads/lamic_2/lamic/Lmic/ipcore_dir/memoria.vhd sub00/vhpl09 1529693666
AR ram_2 ram_2_a C:/Users/Frank/Downloads/lamic_2/lamic/Lmic/ipcore_dir/ram_2.vhd sub00/vhpl18 1529693661
AR datos syn C:/Users/Frank/Desktop/Micros/lamic/Lmic/Datos.vhd sub00/vhpl08 1529199341
EN ram_1 NULL C:/Users/Frank/Downloads/lamic_2/lamic/Lmic/ipcore_dir/ram_1.vhd sub00/vhpl13 1529693658
EN ram_2 NULL C:/Users/Frank/Downloads/lamic_2/lamic/Lmic/ipcore_dir/ram_2.vhd sub00/vhpl17 1529693660
AR banco_comparadores behavioral C:/Users/Frank/Downloads/lamic_2/lamic/Lmic/Banco_Comparadores.vhd sub00/vhpl26 1529693675
AR ram_3 ram_3_a C:/Users/Frank/Downloads/lamic_2/lamic/Lmic/ipcore_dir/ram_3.vhd sub00/vhpl20 1529693663
EN ram_3 NULL C:/Users/Frank/Downloads/lamic_2/lamic/Lmic/ipcore_dir/ram_3.vhd sub00/vhpl19 1529693662
EN ram NULL C:/Users/Frank/Downloads/lamic_2/lamic/Lmic/ram.vhd sub00/vhpl15 1529693670
EN ram_4 NULL C:/Users/Frank/Downloads/lamic_2/lamic/Lmic/ipcore_dir/ram_4.vhd sub00/vhpl21 1529693664
EN contador NULL C:/Users/Frank/Downloads/lamic_2/lamic/Lmic/Contador.vhd sub00/vhpl00 1529693672
AR registro_fila behavioral C:/Users/Frank/Desktop/Micros/lamic/Lmic/registro.vhd sub00/vhpl06 1529190621
AR ram_4 ram_4_a C:/Users/Frank/Downloads/lamic_2/lamic/Lmic/ipcore_dir/ram_4.vhd sub00/vhpl22 1529693665
AR contador behavioral C:/Users/Frank/Downloads/lamic_2/lamic/Lmic/Contador.vhd sub00/vhpl01 1529693673
